// Jest Snapshot v1, https://goo.gl/fbAQLP

exports[`CartRow should renders correctly with properties 1`] = `
<DocumentFragment>
  <div
    class="CartRowContainer"
  >
    <img
      alt="cart-row-img"
      class="ProductImg"
      src="https://test.com/img.jpg"
    />
    <div
      class="ProductInfo"
    >
      <div
        class="ProductName"
      >
        Item 1
      </div>
      <div
        class="ProductQuantity"
      >
        Quantity: 0 
        <svg
          aria-hidden="true"
          class="MuiSvgIcon-root QuantityIcon MuiSvgIcon-colorAction"
          focusable="false"
          viewBox="0 0 24 24"
        >
          <path
            d="M19 3H5c-1.11 0-2 .9-2 2v14c0 1.1.89 2 2 2h14c1.1 0 2-.9 2-2V5c0-1.1-.9-2-2-2zm-2 10h-4v4h-2v-4H7v-2h4V7h2v4h4v2z"
          />
        </svg>
        <svg
          aria-hidden="true"
          class="MuiSvgIcon-root QuantityIcon MuiSvgIcon-colorDisabled"
          focusable="false"
          viewBox="0 0 24 24"
        >
          <path
            d="M19 3H5c-1.1 0-2 .9-2 2v14c0 1.1.9 2 2 2h14c1.1 0 2-.9 2-2V5c0-1.1-.9-2-2-2zm-2 10H7v-2h10v2z"
          />
        </svg>
      </div>
    </div>
    <button
      aria-label="remove from shopping cart"
      class="MuiButtonBase-root MuiIconButton-root MuiIconButton-colorPrimary"
      tabindex="0"
      type="button"
    >
      <span
        class="MuiIconButton-label"
      >
        <svg
          aria-hidden="true"
          class="MuiSvgIcon-root"
          focusable="false"
          viewBox="0 0 24 24"
        >
          <path
            d="M7 11v2h10v-2H7zm5-9C6.48 2 2 6.48 2 12s4.48 10 10 10 10-4.48 10-10S17.52 2 12 2zm0 18c-4.41 0-8-3.59-8-8s3.59-8 8-8 8 3.59 8 8-3.59 8-8 8z"
          />
        </svg>
      </span>
      <span
        class="MuiTouchRipple-root"
      />
    </button>
  </div>
</DocumentFragment>
`;
