// Jest Snapshot v1, https://goo.gl/fbAQLP

exports[`ShoppingHeader should renders correctly 1`] = `
<DocumentFragment>
  <header
    class="MuiPaper-root MuiAppBar-root MuiAppBar-positionSticky MuiAppBar-colorPrimary MuiPaper-elevation4"
  >
    <div
      class="MuiToolbar-root MuiToolbar-regular MuiToolbar-gutters"
    >
      <h6
        class="MuiTypography-root ShoppingHeaderTitle MuiTypography-h6"
      />
      <button
        aria-label="shopping cart"
        class="MuiButtonBase-root MuiIconButton-root MuiIconButton-colorInherit"
        data-testid="shopping-cart"
        tabindex="0"
        type="button"
      >
        <span
          class="MuiIconButton-label"
        >
          <span
            class="MuiBadge-root"
          >
            <svg
              aria-hidden="true"
              class="MuiSvgIcon-root"
              focusable="false"
              viewBox="0 0 24 24"
            >
              <path
                d="M17.21 9l-4.38-6.56c-.19-.28-.51-.42-.83-.42-.32 0-.64.14-.83.43L6.79 9H2c-.55 0-1 .45-1 1 0 .09.01.18.04.27l2.54 9.27c.23.84 1 1.46 1.92 1.46h13c.92 0 1.69-.62 1.93-1.46l2.54-9.27L23 10c0-.55-.45-1-1-1h-4.79zM9 9l3-4.4L15 9H9zm3 8c-1.1 0-2-.9-2-2s.9-2 2-2 2 .9 2 2-.9 2-2 2z"
              />
            </svg>
            <span
              class="MuiBadge-badge MuiBadge-anchorOriginTopRightRectangle MuiBadge-colorSecondary MuiBadge-invisible"
            >
              0
            </span>
          </span>
        </span>
        <span
          class="MuiTouchRipple-root"
        />
      </button>
    </div>
  </header>
</DocumentFragment>
`;
